// Vitest Snapshot v1, https://vitest.dev/guide/snapshot.html

exports[`LocationInput > matches snapshot 1`] = `
.c0 {
  display: flex;
  align-items: center;
  gap: 4px;
  background: #ffffff;
  border: 1px solid var(--pf-border-soft);
  border-radius: var(--pf-radius-pill);
  padding: 4px 10px 4px 12px;
  box-shadow: 0 2px 12px rgba(30, 45, 73, 0.18);
}

.c1 {
  display: flex;
  align-items: center;
  gap: 8px;
  flex: 1;
  min-width: 0;
}

.c2 {
  flex-shrink: 0;
  display: flex;
  align-items: center;
  justify-content: center;
  width: 28px;
  height: 28px;
  padding: 0;
  border: none;
  background: transparent;
  color: var(--pf-primary);
  cursor: pointer;
}

.c2:disabled {
  cursor: not-allowed;
  opacity: 0.5;
}

.c3 {
  flex: 1;
  min-width: 0;
  border: none;
  background: transparent;
  padding: 8px 0;
  font-size: 0.9375rem;
  font-family: var(--pf-font-body);
  color: var(--pf-text);
  outline: none;
}

.c3::placeholder {
  color: #9c8a6e;
}

.c3:disabled {
  color: var(--pf-text-muted);
}

.c4 {
  flex-shrink: 0;
  width: 1px;
  height: 22px;
  background: var(--pf-border);
}

.c5 {
  flex-shrink: 0;
  display: flex;
  align-items: center;
  gap: 6px;
  border: none;
  background: transparent;
  border-radius: var(--pf-radius-pill);
  padding: 8px 10px;
  font-size: 0.875rem;
  font-weight: 500;
  font-family: var(--pf-font-body);
  color: var(--pf-link);
  white-space: nowrap;
  cursor: pointer;
  transition: background 0.15s;
}

.c5:hover:not(:disabled) {
  background: var(--pf-surface);
}

.c5:disabled {
  opacity: 0.5;
  cursor: not-allowed;
}

<div>
  <div
    class="c0"
  >
    <form
      class="c1"
    >
      <button
        aria-label="Search"
        class="c2"
        type="submit"
      >
        <svg
          aria-hidden="true"
          fill="none"
          height="18"
          viewBox="0 0 18 18"
          width="18"
        >
          <circle
            cx="8"
            cy="8"
            r="6.4"
            stroke="currentColor"
            stroke-width="2.2"
          />
          <line
            stroke="currentColor"
            stroke-linecap="round"
            stroke-width="2.2"
            x1="12.6"
            x2="16.5"
            y1="12.6"
            y2="16.5"
          />
        </svg>
      </button>
      <input
        aria-label="Search location"
        class="c3"
        placeholder="Search city, ZIP, or neighborhood"
        type="text"
        value=""
      />
    </form>
    <span
      aria-hidden="true"
      class="c4"
    />
    <button
      class="c5"
      type="button"
    >
      <svg
        aria-hidden="true"
        fill="none"
        height="15"
        viewBox="0 0 16 16"
        width="15"
      >
        <circle
          cx="8"
          cy="8"
          fill="currentColor"
          r="3"
        />
        <circle
          cx="8"
          cy="8"
          r="6"
          stroke="currentColor"
          stroke-width="1.4"
        />
        <line
          stroke="currentColor"
          stroke-width="1.4"
          x1="8"
          x2="8"
          y1="0"
          y2="2.5"
        />
        <line
          stroke="currentColor"
          stroke-width="1.4"
          x1="8"
          x2="8"
          y1="13.5"
          y2="16"
        />
        <line
          stroke="currentColor"
          stroke-width="1.4"
          x1="0"
          x2="2.5"
          y1="8"
          y2="8"
        />
        <line
          stroke="currentColor"
          stroke-width="1.4"
          x1="13.5"
          x2="16"
          y1="8"
          y2="8"
        />
      </svg>
      Near me
    </button>
  </div>
</div>
`;
