// Vitest Snapshot v1, https://vitest.dev/guide/snapshot.html

exports[`Spinner.styles > FullPageCenter renders a div and matches snapshot 1`] = `
.c0 {
  display: flex;
  align-items: center;
  justify-content: center;
  min-height: 100vh;
}

<div
  class="c0"
/>
`;

exports[`Spinner.styles > Spinner renders a span and matches snapshot 1`] = `
.c0 {
  width: 16px;
  height: 16px;
  border: 2px solid var(--pf-border);
  border-top-color: var(--pf-primary);
  border-radius: 50%;
  animation: pf-spin 0.7s linear infinite;
}

<span
  class="c0"
/>
`;
